Testmode of /home/pi/station3/hxFiBirdStateCt.py
... starting at Mon Sep  7 11:48:11 2026
Startup zeroing...
STARTUP_ZERO spread=645
FSM Event Triggered: BASELINE_RESET
FSM Event Triggered: IDLE->ARRIVAL
FSM Event Triggered: ARRIVAL->PRESENT
FSM Event Triggered: PRESENT->DEPARTURE
FSM Event Triggered: TIMEOUT->IDLE
FSM Event Triggered: IDLE->ARRIVAL
FSM Event Triggered: ARRIVAL->PRESENT
FSM Event Triggered: BASELINE_RESET PRESENT -> IDLE
FSM Event Triggered: IDLE->ARRIVAL
FSM Event Triggered: ARRIVAL->PRESENT
FSM Event Triggered: BASELINE_RESET PRESENT -> IDLE
FSM Event Triggered: IDLE->ARRIVAL
FSM Event Triggered: ARRIVAL->PRESENT
FSM Event Triggered: PRESENT->DEPARTURE
FSM Event Triggered: DEPARTURE->ARRIVAL
FSM Event Triggered: ARRIVAL->PRESENT
FSM Event Triggered: PRESENT->DEPARTURE
FSM Event Triggered: TIMEOUT->IDLE
